Component: ARM Compiler 5.06 update 6 (build 750) Tool: armlink [4d35ed]

==============================================================================

Section Cross References

    startup.o(STACK) refers (Special) to heapauxi.o(.text) for __use_two_region_memory
    startup.o(HEAP) refers (Special) to heapauxi.o(.text) for __use_two_region_memory
    startup.o(RESET) refers (Special) to heapauxi.o(.text) for __use_two_region_memory
    startup.o(RESET) refers to startup.o(STACK) for Stack_Top
    startup.o(RESET) refers to __main.o(!!!main) for __main
    startup.o(.text) refers (Special) to heapauxi.o(.text) for __use_two_region_memory
    startup.o(.text) refers to startup.o(HEAP) for Heap_Mem
    startup.o(.text) refers to startup.o(STACK) for Stack_Mem
    oled_window.o(i.oled_date_win) refers to uart_driver.o(i.uart_integer) for uart_integer
    oled_window.o(i.oled_date_win) refers to uart_driver.o(i.uart_strings) for uart_strings
    oled_window.o(i.oled_date_win) refers to rtc_driver.o(i.RTC_SetDateTime) for RTC_SetDateTime
    oled_window.o(i.oled_date_win) refers to ext_interrupt.o(.data) for ok_but
    oled_window.o(i.oled_date_win) refers to main.o(.data) for rtc
    oled_window.o(i.oled_home_win) refers to _printf_pad.o(.text) for _printf_pre_padding
    oled_window.o(i.oled_home_win) refers to _printf_percent.o(.ARM.Collect$$_printf_percent$$00000000) for _printf_percent
    oled_window.o(i.oled_home_win) refers to _printf_d.o(.ARM.Collect$$_printf_percent$$00000009) for _printf_d
    oled_window.o(i.oled_home_win) refers to _printf_dec.o(.text) for _printf_int_dec
    oled_window.o(i.oled_home_win) refers to uart_driver.o(i.uart_strings) for uart_strings
    oled_window.o(i.oled_home_win) refers to noretval__2sprintf.o(.text) for __2sprintf
    oled_window.o(i.oled_home_win) refers to ext_interrupt.o(.data) for ok_but
    oled_window.o(i.oled_menu_win) refers to uart_driver.o(i.uart_strings) for uart_strings
    oled_window.o(i.oled_menu_win) refers to ext_interrupt.o(.data) for index_v
    oled_window.o(i.oled_menu_win) refers to main.o(.data) for child
    oled_window.o(i.oled_time_win) refers to uart_driver.o(i.uart_integer) for uart_integer
    oled_window.o(i.oled_time_win) refers to uart_driver.o(i.uart_strings) for uart_strings
    oled_window.o(i.oled_time_win) refers to rtc_driver.o(i.RTC_SetDateTime) for RTC_SetDateTime
    oled_window.o(i.oled_time_win) refers to ext_interrupt.o(.data) for ok_but
    oled_window.o(i.oled_time_win) refers to main.o(.data) for rtc
    main.o(i.main) refers to uart_driver.o(i.uart0_init) for uart0_init
    main.o(i.main) refers to ext_interrupt.o(i.config_eint) for config_eint
    main.o(i.main) refers to ext_interrupt.o(i.config_vic) for config_vic
    main.o(i.main) refers to rtc_driver.o(i.RTC_Init) for RTC_Init
    main.o(i.main) refers to rtc_driver.o(i.RTC_SetDateTime) for RTC_SetDateTime
    main.o(i.main) refers to i2c_driver.o(i.i2c_init) for i2c_init
    main.o(i.main) refers to timer0_delay.o(i.delay_ms) for delay_ms
    main.o(i.main) refers to oled_driver.o(i.oled_init) for oled_init
    main.o(i.main) refers to uart_driver.o(i.uart_strings) for uart_strings
    main.o(i.main) refers to oled_window.o(i.oled_menu_win) for oled_menu_win
    main.o(i.main) refers to oled_window.o(i.oled_time_win) for oled_time_win
    main.o(i.main) refers to oled_window.o(i.oled_date_win) for oled_date_win
    main.o(i.main) refers to main.o(i.rtc_update) for rtc_update
    main.o(i.main) refers to main.o(.data) for rtc
    main.o(i.rtc_update) refers to _printf_pad.o(.text) for _printf_pre_padding
    main.o(i.rtc_update) refers to _printf_percent.o(.ARM.Collect$$_printf_percent$$00000000) for _printf_percent
    main.o(i.rtc_update) refers to _printf_d.o(.ARM.Collect$$_printf_percent$$00000009) for _printf_d
    main.o(i.rtc_update) refers to _printf_dec.o(.text) for _printf_int_dec
    main.o(i.rtc_update) refers to rtc_driver.o(i.RTC_GetDateTime) for RTC_GetDateTime
    main.o(i.rtc_update) refers to noretval__2sprintf.o(.text) for __2sprintf
    main.o(i.rtc_update) refers to uart_driver.o(i.uart_strings) for uart_strings
    main.o(i.rtc_update) refers to main.o(.data) for rtc
    main.o(i.rtc_update) refers to main.o(.bss) for time_buf
    uart_driver.o(i.uart_integer) refers to _printf_percent.o(.ARM.Collect$$_printf_percent$$00000000) for _printf_percent
    uart_driver.o(i.uart_integer) refers to _printf_d.o(.ARM.Collect$$_printf_percent$$00000009) for _printf_d
    uart_driver.o(i.uart_integer) refers to _printf_dec.o(.text) for _printf_int_dec
    uart_driver.o(i.uart_integer) refers to noretval__2sprintf.o(.text) for __2sprintf
    uart_driver.o(i.uart_integer) refers to uart_driver.o(i.uart_strings) for uart_strings
    i2c_driver.o(i.i2c_read_ack) refers to i2c_driver.o(i.waitforsi) for waitforsi
    i2c_driver.o(i.i2c_read_frame) refers to i2c_driver.o(i.i2c_start) for i2c_start
    i2c_driver.o(i.i2c_read_frame) refers to i2c_driver.o(i.i2c_write) for i2c_write
    i2c_driver.o(i.i2c_read_frame) refers to i2c_driver.o(i.i2c_read_nack) for i2c_read_nack
    i2c_driver.o(i.i2c_read_frame) refers to i2c_driver.o(i.i2c_stop) for i2c_stop
    i2c_driver.o(i.i2c_read_nack) refers to i2c_driver.o(i.waitforsi) for waitforsi
    i2c_driver.o(i.i2c_start) refers to i2c_driver.o(i.waitforsi) for waitforsi
    i2c_driver.o(i.i2c_write) refers to i2c_driver.o(i.waitforsi) for waitforsi
    i2c_driver.o(i.i2c_write_frame) refers to i2c_driver.o(i.i2c_start) for i2c_start
    i2c_driver.o(i.i2c_write_frame) refers to i2c_driver.o(i.i2c_write) for i2c_write
    i2c_driver.o(i.i2c_write_frame) refers to i2c_driver.o(i.i2c_stop) for i2c_stop
    oled_driver.o(i.oled_Command) refers to i2c_driver.o(i.i2c_write_frame) for i2c_write_frame
    oled_driver.o(i.oled_clear) refers to oled_driver.o(i.oled_setXY) for oled_setXY
    oled_driver.o(i.oled_clear) refers to i2c_driver.o(i.i2c_start) for i2c_start
    oled_driver.o(i.oled_clear) refers to i2c_driver.o(i.i2c_write) for i2c_write
    oled_driver.o(i.oled_clear) refers to timer0_delay.o(i.delay_ms) for delay_ms
    oled_driver.o(i.oled_clear) refers to i2c_driver.o(i.i2c_stop) for i2c_stop
    oled_driver.o(i.oled_gotoxy2) refers to oled_driver.o(.data) for x_pos
    oled_driver.o(i.oled_init) refers to oled_driver.o(i.oled_Command) for oled_Command
    oled_driver.o(i.oled_print) refers to i2c_driver.o(i.i2c_start) for i2c_start
    oled_driver.o(i.oled_print) refers to i2c_driver.o(i.i2c_write) for i2c_write
    oled_driver.o(i.oled_print) refers to timer0_delay.o(i.delay_ms) for delay_ms
    oled_driver.o(i.oled_print) refers to i2c_driver.o(i.i2c_stop) for i2c_stop
    oled_driver.o(i.oled_print) refers to oled_driver.o(.constdata) for ASCII
    oled_driver.o(i.oled_printxy2) refers to oled_driver.o(i.oled_putxy2) for oled_putxy2
    oled_driver.o(i.oled_printxy2) refers to oled_driver.o(.data) for x_pos
    oled_driver.o(i.oled_putxy2) refers to oled_driver.o(i.oled_Command) for oled_Command
    oled_driver.o(i.oled_putxy2) refers to i2c_driver.o(i.i2c_start) for i2c_start
    oled_driver.o(i.oled_putxy2) refers to i2c_driver.o(i.i2c_write) for i2c_write
    oled_driver.o(i.oled_putxy2) refers to i2c_driver.o(i.i2c_stop) for i2c_stop
    oled_driver.o(i.oled_putxy2) refers to aeabi_sdiv.o(.text) for __aeabi_idivmod
    oled_driver.o(i.oled_putxy2) refers to oled_driver.o(.data) for x_pos
    oled_driver.o(i.oled_putxy2) refers to oled_driver.o(.constdata) for Font
    oled_driver.o(i.oled_setXY) refers to i2c_driver.o(i.i2c_start) for i2c_start
    oled_driver.o(i.oled_setXY) refers to i2c_driver.o(i.i2c_write) for i2c_write
    oled_driver.o(i.oled_setXY) refers to i2c_driver.o(i.i2c_stop) for i2c_stop
    ext_interrupt.o(i.EINT0_HANDLER) refers to main.o(.data) for timeout_clk
    ext_interrupt.o(i.EINT0_HANDLER) refers to ext_interrupt.o(.data) for ok_but
    ext_interrupt.o(i.EINT1_HANDLER) refers to main.o(.data) for timeout_clk
    ext_interrupt.o(i.EINT1_HANDLER) refers to ext_interrupt.o(.data) for scroll_but
    ext_interrupt.o(i.config_vic) refers to ext_interrupt.o(i.EINT0_HANDLER) for EINT0_HANDLER
    ext_interrupt.o(i.config_vic) refers to ext_interrupt.o(i.EINT1_HANDLER) for EINT1_HANDLER
    __2sprintf.o(.text) refers to _printf_char_common.o(.text) for _printf_char_common
    __2sprintf.o(.text) refers to _sputc.o(.text) for _sputc
    noretval__2sprintf.o(.text) refers to _printf_char_common.o(.text) for _printf_char_common
    noretval__2sprintf.o(.text) refers to _sputc.o(.text) for _sputc
    __printf.o(.text) refers to __printf.o(i.__ARM_common_call_via_r1) for __ARM_common_call_via_r1
    __printf.o(.text) refers to _printf_percent.o(.ARM.Collect$$_printf_percent$$00000000) for _printf_percent
    __printf.o(.text) refers to __printf.o(i.__ARM_common_call_via_r2) for __ARM_common_call_via_r2
    _printf_pad.o(.text) refers to __printf.o(i.__ARM_common_call_via_r2) for __ARM_common_call_via_r2
    _printf_dec.o(.text) refers to rtudiv10.o(.text) for __rt_udiv10
    _printf_dec.o(.text) refers to _printf_intcommon.o(.text) for _printf_int_common
    __printf_flags.o(.text) refers to __printf.o(i.__ARM_common_call_via_r1) for __ARM_common_call_via_r1
    __printf_flags.o(.text) refers to _printf_percent.o(.ARM.Collect$$_printf_percent$$00000000) for _printf_percent
    __printf_flags.o(.text) refers to __printf.o(i.__ARM_common_call_via_r2) for __ARM_common_call_via_r2
    __printf_flags.o(.text) refers to __printf_flags.o(.constdata) for .constdata
    __printf_ss.o(.text) refers to __printf.o(i.__ARM_common_call_via_r1) for __ARM_common_call_via_r1
    __printf_ss.o(.text) refers to _printf_percent.o(.ARM.Collect$$_printf_percent$$00000000) for _printf_percent
    __printf_ss.o(.text) refers to __printf.o(i.__ARM_common_call_via_r2) for __ARM_common_call_via_r2
    __printf_flags_ss.o(.text) refers to __printf.o(i.__ARM_common_call_via_r1) for __ARM_common_call_via_r1
    __printf_flags_ss.o(.text) refers to _printf_percent.o(.ARM.Collect$$_printf_percent$$00000000) for _printf_percent
    __printf_flags_ss.o(.text) refers to __printf.o(i.__ARM_common_call_via_r2) for __ARM_common_call_via_r2
    __printf_flags_ss.o(.text) refers to __printf_flags_ss.o(.constdata) for .constdata
    __printf_wp.o(.text) refers to __printf.o(i.__ARM_common_call_via_r1) for __ARM_common_call_via_r1
    __printf_wp.o(.text) refers to __printf_wp.o(i._is_digit) for _is_digit
    __printf_wp.o(.text) refers to _printf_percent.o(.ARM.Collect$$_printf_percent$$00000000) for _printf_percent
    __printf_wp.o(.text) refers to __printf.o(i.__ARM_common_call_via_r2) for __ARM_common_call_via_r2
    __printf_flags_wp.o(.text) refers to __printf.o(i.__ARM_common_call_via_r1) for __ARM_common_call_via_r1
    __printf_flags_wp.o(.text) refers to __printf_wp.o(i._is_digit) for _is_digit
    __printf_flags_wp.o(.text) refers to _printf_percent.o(.ARM.Collect$$_printf_percent$$00000000) for _printf_percent
    __printf_flags_wp.o(.text) refers to __printf.o(i.__ARM_common_call_via_r2) for __ARM_common_call_via_r2
    __printf_flags_wp.o(.text) refers to __printf_flags_wp.o(.constdata) for .constdata
    __printf_ss_wp.o(.text) refers to __printf.o(i.__ARM_common_call_via_r1) for __ARM_common_call_via_r1
    __printf_ss_wp.o(.text) refers to __printf_wp.o(i._is_digit) for _is_digit
    __printf_ss_wp.o(.text) refers to _printf_percent.o(.ARM.Collect$$_printf_percent$$00000000) for _printf_percent
    __printf_ss_wp.o(.text) refers to __printf.o(i.__ARM_common_call_via_r2) for __ARM_common_call_via_r2
    __printf_flags_ss_wp.o(.text) refers to __printf.o(i.__ARM_common_call_via_r1) for __ARM_common_call_via_r1
    __printf_flags_ss_wp.o(.text) refers to __printf_wp.o(i._is_digit) for _is_digit
    __printf_flags_ss_wp.o(.text) refers to _printf_percent.o(.ARM.Collect$$_printf_percent$$00000000) for _printf_percent
    __printf_flags_ss_wp.o(.text) refers to __printf.o(i.__ARM_common_call_via_r2) for __ARM_common_call_via_r2
    __printf_flags_ss_wp.o(.text) refers to __printf_flags_ss_wp.o(.constdata) for .constdata
    _printf_d.o(.ARM.Collect$$_printf_percent$$00000009) refers (Weak) to _printf_dec.o(.text) for _printf_int_dec
    _printf_percent.o(.ARM.Collect$$_printf_percent$$00000000) refers (Special) to _printf_percent_end.o(.ARM.Collect$$_printf_percent$$00000017) for _printf_percent_end
    aeabi_sdiv.o(.text_udiv) refers to aeabi_sdiv.o(.text) for __arm_div2
    aeabi_sdiv_div0.o(.text_udiv) refers to aeabi_sdiv_div0.o(.text) for __arm_div2
    __main.o(!!!main) refers to __rtentry.o(.ARM.Collect$$rtentry$$00000000) for __rt_entry
    __rtentry.o(.ARM.Collect$$rtentry$$00000000) refers (Special) to __rtentry2.o(.ARM.Collect$$rtentry$$0000000A) for __rt_entry_li
    __rtentry.o(.ARM.Collect$$rtentry$$00000000) refers (Special) to __rtentry2.o(.ARM.Collect$$rtentry$$0000000D) for __rt_entry_main
    __rtentry.o(.ARM.Collect$$rtentry$$00000000) refers (Special) to __rtentry2.o(.ARM.Collect$$rtentry$$0000000C) for __rt_entry_postli_1
    __rtentry.o(.ARM.Collect$$rtentry$$00000000) refers (Special) to __rtentry2.o(.ARM.Collect$$rtentry$$00000009) for __rt_entry_postsh_1
    __rtentry.o(.ARM.Collect$$rtentry$$00000000) refers (Special) to __rtentry2.o(.ARM.Collect$$rtentry$$00000002) for __rt_entry_presh_1
    __rtentry.o(.ARM.Collect$$rtentry$$00000000) refers (Special) to __rtentry4.o(.ARM.Collect$$rtentry$$00000004) for __rt_entry_sh
    aeabi_idiv0_sigfpe.o(.text) refers to rt_div0.o(.text) for __rt_div0
    _printf_intcommon.o(.text) refers (Weak) to _printf_pad.o(.text) for _printf_pre_padding
    _printf_intcommon.o(.text) refers to __printf.o(i.__ARM_common_call_via_r2) for __ARM_common_call_via_r2
    _printf_intcommon.o(.text) refers (Weak) to _printf_pad.o(.text) for _printf_pre_padding
    _printf_intcommon.o(.text) refers (Weak) to _printf_pad.o(.text) for _printf_post_padding
    _printf_char_common.o(.text) refers to __printf_flags_wp.o(.text) for __printf
    __rtentry2.o(.ARM.Collect$$rtentry$$00000008) refers to boardinit2.o(.text) for _platform_post_stackheap_init
    __rtentry2.o(.ARM.Collect$$rtentry$$0000000A) refers to libinit.o(.ARM.Collect$$libinit$$00000000) for __rt_lib_init
    __rtentry2.o(.ARM.Collect$$rtentry$$0000000B) refers to boardinit3.o(.text) for _platform_post_lib_init
    __rtentry2.o(.ARM.Collect$$rtentry$$0000000D) refers to exit.o(.text) for exit
    __rtentry2.o(.ARM.Collect$$rtentry$$0000000D) refers to main.o(i.main) for main
    __rtentry2.o(.ARM.exidx) refers to __rtentry2.o(.ARM.Collect$$rtentry$$00000001) for .ARM.Collect$$rtentry$$00000001
    __rtentry2.o(.ARM.exidx) refers to __rtentry2.o(.ARM.Collect$$rtentry$$00000008) for .ARM.Collect$$rtentry$$00000008
    __rtentry2.o(.ARM.exidx) refers to __rtentry2.o(.ARM.Collect$$rtentry$$0000000A) for .ARM.Collect$$rtentry$$0000000A
    __rtentry2.o(.ARM.exidx) refers to __rtentry2.o(.ARM.Collect$$rtentry$$0000000B) for .ARM.Collect$$rtentry$$0000000B
    __rtentry2.o(.ARM.exidx) refers to __rtentry2.o(.ARM.Collect$$rtentry$$0000000D) for .ARM.Collect$$rtentry$$0000000D
    __rtentry4.o(.ARM.Collect$$rtentry$$00000004) refers to sys_stackheap_outer.o(.text) for __user_setup_stackheap
    __rtentry4.o(.ARM.exidx) refers to __rtentry4.o(.ARM.Collect$$rtentry$$00000004) for .ARM.Collect$$rtentry$$00000004
    rt_div0.o(.text) refers to defsig_fpe_outer.o(.text) for __rt_SIGFPE
    __printf_nopercent.o(.text) refers to __printf_nopercent.o(i.__ARM_common_call_via_r7) for __ARM_common_call_via_r7
    __printf_nopercent.o(.text) refers to __printf_nopercent.o(i.__ARM_common_call_via_r5) for __ARM_common_call_via_r5
    sys_stackheap_outer.o(.text) refers to libspace.o(.text) for __user_perproc_libspace
    sys_stackheap_outer.o(.text) refers to startup.o(.text) for __user_initial_stackheap
    exit.o(.text) refers to rtexit.o(.ARM.Collect$$rtexit$$00000000) for __rt_exit
    defsig_fpe_outer.o(.text) refers to defsig_fpe_inner.o(.text) for __rt_SIGFPE_inner
    defsig_fpe_outer.o(.text) refers to defsig_exit.o(.text) for __sig_exit
    defsig_fpe_formal.o(.text) refers to rt_raise.o(.text) for __rt_raise
    libinit.o(.ARM.Collect$$libinit$$00000000) refers (Special) to libinit2.o(.ARM.Collect$$libinit$$0000002E) for __rt_lib_init_alloca_1
    libinit.o(.ARM.Collect$$libinit$$00000000) refers (Special) to libinit2.o(.ARM.Collect$$libinit$$0000002C) for __rt_lib_init_argv_1
    libinit.o(.ARM.Collect$$libinit$$00000000) refers (Special) to libinit2.o(.ARM.Collect$$libinit$$0000001B) for __rt_lib_init_atexit_1
    libinit.o(.ARM.Collect$$libinit$$00000000) refers (Special) to libinit2.o(.ARM.Collect$$libinit$$00000021) for __rt_lib_init_clock_1
    libinit.o(.ARM.Collect$$libinit$$00000000) refers (Special) to libinit2.o(.ARM.Collect$$libinit$$00000032) for __rt_lib_init_cpp_1
    libinit.o(.ARM.Collect$$libinit$$00000000) refers (Special) to libinit2.o(.ARM.Collect$$libinit$$00000030) for __rt_lib_init_exceptions_1
    libinit.o(.ARM.Collect$$libinit$$00000000) refers (Special) to libinit2.o(.ARM.Collect$$libinit$$00000002) for __rt_lib_init_fp_1
    libinit.o(.ARM.Collect$$libinit$$00000000) refers (Special) to libinit2.o(.ARM.Collect$$libinit$$0000001F) for __rt_lib_init_fp_trap_1
    libinit.o(.ARM.Collect$$libinit$$00000000) refers (Special) to libinit2.o(.ARM.Collect$$libinit$$00000023) for __rt_lib_init_getenv_1
    libinit.o(.ARM.Collect$$libinit$$00000000) refers (Special) to libinit2.o(.ARM.Collect$$libinit$$0000000A) for __rt_lib_init_heap_1
    libinit.o(.ARM.Collect$$libinit$$00000000) refers (Special) to libinit2.o(.ARM.Collect$$libinit$$00000011) for __rt_lib_init_lc_collate_1
    libinit.o(.ARM.Collect$$libinit$$00000000) refers (Special) to libinit2.o(.ARM.Collect$$libinit$$00000013) for __rt_lib_init_lc_ctype_1
    libinit.o(.ARM.Collect$$libinit$$00000000) refers (Special) to libinit2.o(.ARM.Collect$$libinit$$00000015) for __rt_lib_init_lc_monetary_1
    libinit.o(.ARM.Collect$$libinit$$00000000) refers (Special) to libinit2.o(.ARM.Collect$$libinit$$00000017) for __rt_lib_init_lc_numeric_1
    libinit.o(.ARM.Collect$$libinit$$00000000) refers (Special) to libinit2.o(.ARM.Collect$$libinit$$00000019) for __rt_lib_init_lc_time_1
    libinit.o(.ARM.Collect$$libinit$$00000000) refers (Special) to libinit2.o(.ARM.Collect$$libinit$$00000004) for __rt_lib_init_preinit_1
    libinit.o(.ARM.Collect$$libinit$$00000000) refers (Special) to libinit2.o(.ARM.Collect$$libinit$$0000000E) for __rt_lib_init_rand_1
    libinit.o(.ARM.Collect$$libinit$$00000000) refers (Special) to libinit2.o(.ARM.Collect$$libinit$$00000033) for __rt_lib_init_return
    libinit.o(.ARM.Collect$$libinit$$00000000) refers (Special) to libinit2.o(.ARM.Collect$$libinit$$0000001D) for __rt_lib_init_signal_1
    libinit.o(.ARM.Collect$$libinit$$00000000) refers (Special) to libinit2.o(.ARM.Collect$$libinit$$00000025) for __rt_lib_init_stdio_1
    libinit.o(.ARM.Collect$$libinit$$00000000) refers (Special) to libinit2.o(.ARM.Collect$$libinit$$0000000C) for __rt_lib_init_user_alloc_1
    libspace.o(.text) refers to libspace.o(.bss) for __libspace_start
    rtexit.o(.ARM.Collect$$rtexit$$00000000) refers (Special) to rtexit2.o(.ARM.Collect$$rtexit$$00000004) for __rt_exit_exit
    rtexit.o(.ARM.Collect$$rtexit$$00000000) refers (Special) to rtexit2.o(.ARM.Collect$$rtexit$$00000003) for __rt_exit_ls
    rtexit.o(.ARM.Collect$$rtexit$$00000000) refers (Special) to rtexit2.o(.ARM.Collect$$rtexit$$00000002) for __rt_exit_prels_1
    rtexit.o(.ARM.exidx) refers (Special) to rtexit2.o(.ARM.Collect$$rtexit$$00000004) for __rt_exit_exit
    rtexit.o(.ARM.exidx) refers (Special) to rtexit2.o(.ARM.Collect$$rtexit$$00000003) for __rt_exit_ls
    rtexit.o(.ARM.exidx) refers (Special) to rtexit2.o(.ARM.Collect$$rtexit$$00000002) for __rt_exit_prels_1
    rtexit.o(.ARM.exidx) refers to rtexit.o(.ARM.Collect$$rtexit$$00000000) for .ARM.Collect$$rtexit$$00000000
    rt_raise.o(.text) refers to __raise.o(.text) for __raise
    rt_raise.o(.text) refers to sys_exit.o(.text) for _sys_exit
    defsig_exit.o(.text) refers to sys_exit.o(.text) for _sys_exit
    defsig_fpe_inner.o(.text) refers to defsig_general.o(.text) for __default_signal_display
    libinit2.o(.ARM.Collect$$libinit$$00000001) refers to fpinit.o(x$fpl$fpinit) for _fp_init
    libinit2.o(.ARM.Collect$$libinit$$00000010) refers to libinit2.o(.ARM.Collect$$libinit$$0000000F) for .ARM.Collect$$libinit$$0000000F
    libinit2.o(.ARM.Collect$$libinit$$00000012) refers to libinit2.o(.ARM.Collect$$libinit$$0000000F) for .ARM.Collect$$libinit$$0000000F
    libinit2.o(.ARM.Collect$$libinit$$00000014) refers to libinit2.o(.ARM.Collect$$libinit$$0000000F) for .ARM.Collect$$libinit$$0000000F
    libinit2.o(.ARM.Collect$$libinit$$00000016) refers to libinit2.o(.ARM.Collect$$libinit$$0000000F) for .ARM.Collect$$libinit$$0000000F
    libinit2.o(.ARM.Collect$$libinit$$00000018) refers to libinit2.o(.ARM.Collect$$libinit$$0000000F) for .ARM.Collect$$libinit$$0000000F
    libinit2.o(.ARM.Collect$$libinit$$00000026) refers to argv_veneer.o(.emb_text) for __ARM_argv_veneer
    libinit2.o(.ARM.Collect$$libinit$$00000027) refers to argv_veneer.o(.emb_text) for __ARM_argv_veneer
    sys_exit.o(.text) refers (Special) to use_no_semi.o(.text) for __I$use$semihosting
    sys_exit.o(.text) refers (Special) to indicate_semi.o(.text) for __semihosting_library_function
    rtexit2.o(.ARM.Collect$$rtexit$$00000003) refers to libshutdown.o(.ARM.Collect$$libshutdown$$00000000) for __rt_lib_shutdown
    rtexit2.o(.ARM.Collect$$rtexit$$00000004) refers to sys_exit.o(.text) for _sys_exit
    rtexit2.o(.ARM.exidx) refers to rtexit2.o(.ARM.Collect$$rtexit$$00000001) for .ARM.Collect$$rtexit$$00000001
    rtexit2.o(.ARM.exidx) refers to rtexit2.o(.ARM.Collect$$rtexit$$00000003) for .ARM.Collect$$rtexit$$00000003
    rtexit2.o(.ARM.exidx) refers to rtexit2.o(.ARM.Collect$$rtexit$$00000004) for .ARM.Collect$$rtexit$$00000004
    __raise.o(.text) refers to __printf.o(i.__ARM_common_call_via_r2) for __ARM_common_call_via_r2
    __raise.o(.text) refers to defsig.o(CL$$defsig) for __default_signal_handler
    defsig_general.o(.text) refers to sys_wrch.o(.text) for _ttywrch
    argv_veneer.o(.emb_text) refers to no_argv.o(.text) for __ARM_get_argv
    sys_wrch.o(.text) refers (Special) to use_no_semi.o(.text) for __I$use$semihosting
    sys_wrch.o(.text) refers (Special) to indicate_semi.o(.text) for __semihosting_library_function
    defsig.o(CL$$defsig) refers to defsig_fpe_inner.o(.text) for __rt_SIGFPE_inner
    defsig.o(CL$$defsig) refers to defsig_rtmem_inner.o(.text) for __rt_SIGRTMEM_inner
    _get_argv_nomalloc.o(.text) refers (Special) to hrguard.o(.text) for __heap_region$guard
    _get_argv_nomalloc.o(.text) refers to defsig_rtmem_outer.o(.text) for __rt_SIGRTMEM
    _get_argv_nomalloc.o(.text) refers to sys_command.o(.text) for _sys_command_string
    libshutdown.o(.ARM.Collect$$libshutdown$$00000000) refers (Special) to libshutdown2.o(.ARM.Collect$$libshutdown$$00000002) for __rt_lib_shutdown_cpp_1
    libshutdown.o(.ARM.Collect$$libshutdown$$00000000) refers (Special) to libshutdown2.o(.ARM.Collect$$libshutdown$$00000007) for __rt_lib_shutdown_fp_trap_1
    libshutdown.o(.ARM.Collect$$libshutdown$$00000000) refers (Special) to libshutdown2.o(.ARM.Collect$$libshutdown$$0000000F) for __rt_lib_shutdown_heap_1
    libshutdown.o(.ARM.Collect$$libshutdown$$00000000) refers (Special) to libshutdown2.o(.ARM.Collect$$libshutdown$$00000010) for __rt_lib_shutdown_return
    libshutdown.o(.ARM.Collect$$libshutdown$$00000000) refers (Special) to libshutdown2.o(.ARM.Collect$$libshutdown$$0000000A) for __rt_lib_shutdown_signal_1
    libshutdown.o(.ARM.Collect$$libshutdown$$00000000) refers (Special) to libshutdown2.o(.ARM.Collect$$libshutdown$$00000004) for __rt_lib_shutdown_stdio_1
    libshutdown.o(.ARM.Collect$$libshutdown$$00000000) refers (Special) to libshutdown2.o(.ARM.Collect$$libshutdown$$0000000C) for __rt_lib_shutdown_user_alloc_1
    sys_command.o(.text) refers (Special) to use_no_semi.o(.text) for __I$use$semihosting
    sys_command.o(.text) refers (Special) to indicate_semi.o(.text) for __semihosting_library_function
    defsig_abrt_inner.o(.text) refers to defsig_general.o(.text) for __default_signal_display
    defsig_rtred_inner.o(.text) refers to defsig_general.o(.text) for __default_signal_display
    defsig_rtmem_inner.o(.text) refers to defsig_general.o(.text) for __default_signal_display
    defsig_rtmem_outer.o(.text) refers to defsig_rtmem_inner.o(.text) for __rt_SIGRTMEM_inner
    defsig_rtmem_outer.o(.text) refers to defsig_exit.o(.text) for __sig_exit
    defsig_rtmem_formal.o(.text) refers to rt_raise.o(.text) for __rt_raise
    defsig_stak_inner.o(.text) refers to defsig_general.o(.text) for __default_signal_display
    defsig_pvfn_inner.o(.text) refers to defsig_general.o(.text) for __default_signal_display
    defsig_cppl_inner.o(.text) refers to defsig_general.o(.text) for __default_signal_display
    defsig_segv_inner.o(.text) refers to defsig_general.o(.text) for __default_signal_display
    defsig_other.o(.text) refers to defsig_general.o(.text) for __default_signal_display


==============================================================================

Removing Unused input sections from the image.

    Removing oled_window.o(i.oled_alarm_win), (4 bytes).
    Removing oled_window.o(i.oled_home_win), (216 bytes).
    Removing oled_window.o(i.oled_remider_win), (4 bytes).
    Removing oled_window.o(i.oled_timer_win), (4 bytes).
    Removing gpio_driver.o(i.gpio_dir), (168 bytes).
    Removing gpio_driver.o(i.gpio_read), (124 bytes).
    Removing gpio_driver.o(i.gpio_write), (168 bytes).
    Removing timer0_delay.o(i.delay_sec), (76 bytes).
    Removing uart_driver.o(i.uart0_rx), (40 bytes).
    Removing uart_driver.o(i.uart0_tx), (44 bytes).
    Removing i2c_driver.o(i.i2c_read_ack), (48 bytes).
    Removing i2c_driver.o(i.i2c_read_frame), (68 bytes).
    Removing i2c_driver.o(i.i2c_read_nack), (48 bytes).
    Removing oled_driver.o(i.oled_clear), (92 bytes).
    Removing oled_driver.o(i.oled_gotoxy2), (52 bytes).
    Removing oled_driver.o(i.oled_print), (152 bytes).
    Removing oled_driver.o(i.oled_printxy2), (136 bytes).
    Removing oled_driver.o(i.oled_putxy2), (340 bytes).
    Removing oled_driver.o(i.oled_setXY), (100 bytes).
    Removing oled_driver.o(.constdata), (955 bytes).
    Removing oled_driver.o(.data), (3 bytes).

21 unused section(s) (total 2842 bytes) removed from the image.

==============================================================================

Adding Veneers to the image

    Adding TA veneer (4 bytes, Inline) for call to '_printf_percent' from __printf_flags_wp.o(.text).
    Adding AT veneer (8 bytes, Inline) for call to '__rt_lib_init' from __rtentry2.o(.ARM.Collect$$rtentry$$0000000A).
    Adding AT veneer (8 bytes, Inline) for call to '__rt_lib_shutdown' from rtexit2.o(.ARM.Collect$$rtexit$$00000003).
    Adding TA veneer (4 bytes, Inline) for call to '__rt_exit' from exit.o(.text).
    Adding AT veneer (8 bytes, Inline) for call to '__2sprintf' from main.o(i.rtc_update).
    Adding AT veneer (8 bytes, Inline) for call to '_printf_int_dec' from _printf_d.o(.ARM.Collect$$_printf_percent$$00000009).
    Adding TA veneer (4 bytes, Inline) for call to '__rt_udiv10' from _printf_dec.o(.text).
    Adding AT veneer (8 bytes, Inline) for call to '_sys_exit' from rtexit2.o(.ARM.Collect$$rtexit$$00000004).

8 Veneer(s) (total 52 bytes) added to the image.

==============================================================================

Image Symbol Table

    Local Symbols

    Symbol Name                              Value     Ov Type        Size  Object(Section)

    RESET                                    0x00000000   Section      272  startup.o(RESET)
    ../clib/angel/boardlib.s                 0x00000000   Number         0  boardshut.o ABSOLUTE
    ../clib/angel/boardlib.s                 0x00000000   Number         0  boardinit1.o ABSOLUTE
    ../clib/angel/boardlib.s                 0x00000000   Number         0  boardinit2.o ABSOLUTE
    ../clib/angel/boardlib.s                 0x00000000   Number         0  boardinit3.o ABSOLUTE
    ../clib/angel/handlers.s                 0x00000000   Number         0  __scatter_zi.o ABSOLUTE
    ../clib/angel/handlers.s                 0x00000000   Number         0  __scatter_copy.o ABSOLUTE
    ../clib/angel/kernel.s                   0x00000000   Number         0  __rtentry.o ABSOLUTE
    ../clib/angel/kernel.s                   0x00000000   Number         0  rtexit.o ABSOLUTE
    ../clib/angel/kernel.s                   0x00000000   Number         0  __rtentry4.o ABSOLUTE
    ../clib/angel/kernel.s                   0x00000000   Number         0  rtexit2.o ABSOLUTE
    ../clib/angel/kernel.s                   0x00000000   Number         0  __rtentry2.o ABSOLUTE
    ../clib/angel/rt.s                       0x00000000   Number         0  aeabi_idiv0_sigfpe.o ABSOLUTE
    ../clib/angel/rt.s                       0x00000000   Number         0  aeabi_idiv0.o ABSOLUTE
    ../clib/angel/rt.s                       0x00000000   Number         0  rt_raise.o ABSOLUTE
    ../clib/angel/rt.s                       0x00000000   Number         0  rt_div0.o ABSOLUTE
    ../clib/angel/scatter.s                  0x00000000   Number         0  __scatter.o ABSOLUTE
    ../clib/angel/startup.s                  0x00000000   Number         0  __main.o ABSOLUTE
    ../clib/angel/sys.s                      0x00000000   Number         0  sys_stackheap_outer.o ABSOLUTE
    ../clib/angel/sys.s                      0x00000000   Number         0  use_no_semi.o ABSOLUTE
    ../clib/angel/sys.s                      0x00000000   Number         0  indicate_semi.o ABSOLUTE
    ../clib/angel/sys.s                      0x00000000   Number         0  libspace.o ABSOLUTE
    ../clib/angel/sysapp.c                   0x00000000   Number         0  sys_command.o ABSOLUTE
    ../clib/angel/sysapp.c                   0x00000000   Number         0  sys_exit.o ABSOLUTE
    ../clib/angel/sysapp.c                   0x00000000   Number         0  sys_wrch.o ABSOLUTE
    ../clib/armsys.c                         0x00000000   Number         0  no_argv.o ABSOLUTE
    ../clib/armsys.c                         0x00000000   Number         0  _get_argv_nomalloc.o ABSOLUTE
    ../clib/armsys.c                         0x00000000   Number         0  argv_veneer.o ABSOLUTE
    ../clib/armsys.c                         0x00000000   Number         0  argv_veneer.o ABSOLUTE
    ../clib/division.s                       0x00000000   Number         0  rtudiv10.o ABSOLUTE
    ../clib/division.s                       0x00000000   Number         0  aeabi_sdiv.o ABSOLUTE
    ../clib/division.s                       0x00000000   Number         0  aeabi_sdiv_div0.o ABSOLUTE
    ../clib/divrt.s                          0x00000000   Number         0  divrt_7tdmi_div0.o ABSOLUTE
    ../clib/divrt.s                          0x00000000   Number         0  divrt_7tdmi.o ABSOLUTE
    ../clib/heapalloc.c                      0x00000000   Number         0  hrguard.o ABSOLUTE
    ../clib/heapaux.c                        0x00000000   Number         0  heapauxi.o ABSOLUTE
    ../clib/libinit.s                        0x00000000   Number         0  libinit.o ABSOLUTE
    ../clib/libinit.s                        0x00000000   Number         0  libshutdown.o ABSOLUTE
    ../clib/libinit.s                        0x00000000   Number         0  libinit2.o ABSOLUTE
    ../clib/libinit.s                        0x00000000   Number         0  libshutdown2.o ABSOLUTE
    ../clib/misc.s                           0x00000000   Number         0  printf_stubs.o ABSOLUTE
    ../clib/printf.c                         0x00000000   Number         0  __printf_ss.o ABSOLUTE
    ../clib/printf.c                         0x00000000   Number         0  _printf_dec.o ABSOLUTE
    ../clib/printf.c                         0x00000000   Number         0  __printf_flags_ss.o ABSOLUTE
    ../clib/printf.c                         0x00000000   Number         0  __printf_wp.o ABSOLUTE
    ../clib/printf.c                         0x00000000   Number         0  __printf_flags_wp.o ABSOLUTE
    ../clib/printf.c                         0x00000000   Number         0  __printf_ss_wp.o ABSOLUTE
    ../clib/printf.c                         0x00000000   Number         0  _printf_pad.o ABSOLUTE
    ../clib/printf.c                         0x00000000   Number         0  __printf.o ABSOLUTE
    ../clib/printf.c                         0x00000000   Number         0  __printf_flags_ss_wp.o ABSOLUTE
    ../clib/printf.c                         0x00000000   Number         0  noretval__2sprintf.o ABSOLUTE
    ../clib/printf.c                         0x00000000   Number         0  __2sprintf.o ABSOLUTE
    ../clib/printf.c                         0x00000000   Number         0  _printf_char_common.o ABSOLUTE
    ../clib/printf.c                         0x00000000   Number         0  __printf_nopercent.o ABSOLUTE
    ../clib/printf.c                         0x00000000   Number         0  _sputc.o ABSOLUTE
    ../clib/printf.c                         0x00000000   Number         0  __printf_flags.o ABSOLUTE
    ../clib/printf.c                         0x00000000   Number         0  _printf_intcommon.o ABSOLUTE
    ../clib/printf_percent.s                 0x00000000   Number         0  _printf_percent.o ABSOLUTE
    ../clib/printf_percent.s                 0x00000000   Number         0  _printf_percent_end.o ABSOLUTE
    ../clib/printf_percent.s                 0x00000000   Number         0  _printf_d.o ABSOLUTE
    ../clib/signal.c                         0x00000000   Number         0  defsig_abrt_inner.o ABSOLUTE
    ../clib/signal.c                         0x00000000   Number         0  __raise.o ABSOLUTE
    ../clib/signal.c                         0x00000000   Number         0  defsig_rtred_inner.o ABSOLUTE
    ../clib/signal.c                         0x00000000   Number         0  defsig_fpe_outer.o ABSOLUTE
    ../clib/signal.c                         0x00000000   Number         0  defsig_rtmem_inner.o ABSOLUTE
    ../clib/signal.c                         0x00000000   Number         0  defsig_exit.o ABSOLUTE
    ../clib/signal.c                         0x00000000   Number         0  defsig_rtmem_outer.o ABSOLUTE
    ../clib/signal.c                         0x00000000   Number         0  defsig_rtmem_formal.o ABSOLUTE
    ../clib/signal.c                         0x00000000   Number         0  defsig_stak_inner.o ABSOLUTE
    ../clib/signal.c                         0x00000000   Number         0  defsig_pvfn_inner.o ABSOLUTE
    ../clib/signal.c                         0x00000000   Number         0  defsig_fpe_inner.o ABSOLUTE
    ../clib/signal.c                         0x00000000   Number         0  defsig_general.o ABSOLUTE
    ../clib/signal.c                         0x00000000   Number         0  defsig_cppl_inner.o ABSOLUTE
    ../clib/signal.c                         0x00000000   Number         0  defsig_segv_inner.o ABSOLUTE
    ../clib/signal.c                         0x00000000   Number         0  defsig_fpe_formal.o ABSOLUTE
    ../clib/signal.c                         0x00000000   Number         0  defsig_other.o ABSOLUTE
    ../clib/signal.s                         0x00000000   Number         0  defsig.o ABSOLUTE
    ../clib/stdlib.c                         0x00000000   Number         0  exit.o ABSOLUTE
    ../fplib/fpinit.s                        0x00000000   Number         0  fpinit.o ABSOLUTE
    Startup.s                                0x00000000   Number         0  startup.o ABSOLUTE
    dc.s                                     0x00000000   Number         0  dc.o ABSOLUTE
    ext_interrupt.c                          0x00000000   Number         0  ext_interrupt.o ABSOLUTE
    gpio_driver.c                            0x00000000   Number         0  gpio_driver.o ABSOLUTE
    i2c_driver.c                             0x00000000   Number         0  i2c_driver.o ABSOLUTE
    main.c                                   0x00000000   Number         0  main.o ABSOLUTE
    oled_driver.c                            0x00000000   Number         0  oled_driver.o ABSOLUTE
    oled_window.c                            0x00000000   Number         0  oled_window.o ABSOLUTE
    rtc_driver.c                             0x00000000   Number         0  rtc_driver.o ABSOLUTE
    timer0_delay.c                           0x00000000   Number         0  timer0_delay.o ABSOLUTE
    uart_driver.c                            0x00000000   Number         0  uart_driver.o ABSOLUTE
    Undef_Handler                            0x00000040   ARM Code       4  startup.o(RESET)
    SWI_Handler                              0x00000044   ARM Code       4  startup.o(RESET)
    PAbt_Handler                             0x00000048   ARM Code       4  startup.o(RESET)
    DAbt_Handler                             0x0000004c   ARM Code       4  startup.o(RESET)
    IRQ_Handler                              0x00000050   ARM Code       4  startup.o(RESET)
    FIQ_Handler                              0x00000054   ARM Code       4  startup.o(RESET)
    !!!main                                  0x00000110   Section        8  __main.o(!!!main)
    !!!scatter                               0x00000118   Section       60  __scatter.o(!!!scatter)
    !!handler_copy                           0x00000154   Section       40  __scatter_copy.o(!!handler_copy)
    !!handler_zi                             0x0000017c   Section       44  __scatter_zi.o(!!handler_zi)
    .ARM.Collect$$_printf_percent$$00000000  0x000001ac   Section        0  _printf_percent.o(.ARM.Collect$$_printf_percent$$00000000)
    .ARM.Collect$$_printf_percent$$00000009  0x000001ac   Section        8  _printf_d.o(.ARM.Collect$$_printf_percent$$00000009)
    .ARM.Collect$$_printf_percent$$00000017  0x000001b4   Section        8  _printf_percent_end.o(.ARM.Collect$$_printf_percent$$00000017)
    .ARM.Collect$$libinit$$00000000          0x000001c4   Section        2  libinit.o(.ARM.Collect$$libinit$$00000000)
    .ARM.Collect$$libinit$$00000002          0x000001c6   Section        0  libinit2.o(.ARM.Collect$$libinit$$00000002)
    .ARM.Collect$$libinit$$00000004          0x000001c6   Section        0  libinit2.o(.ARM.Collect$$libinit$$00000004)
    .ARM.Collect$$libinit$$0000000A          0x000001c6   Section        0  libinit2.o(.ARM.Collect$$libinit$$0000000A)
    .ARM.Collect$$libinit$$0000000C          0x000001c6   Section        0  libinit2.o(.ARM.Collect$$libinit$$0000000C)
    .ARM.Collect$$libinit$$0000000E          0x000001c6   Section        0  libinit2.o(.ARM.Collect$$libinit$$0000000E)
    .ARM.Collect$$libinit$$00000011          0x000001c6   Section        0  libinit2.o(.ARM.Collect$$libinit$$00000011)
    .ARM.Collect$$libinit$$00000013          0x000001c6   Section        0  libinit2.o(.ARM.Collect$$libinit$$00000013)
    .ARM.Collect$$libinit$$00000015          0x000001c6   Section        0  libinit2.o(.ARM.Collect$$libinit$$00000015)
    .ARM.Collect$$libinit$$00000017          0x000001c6   Section        0  libinit2.o(.ARM.Collect$$libinit$$00000017)
    .ARM.Collect$$libinit$$00000019          0x000001c6   Section        0  libinit2.o(.ARM.Collect$$libinit$$00000019)
    .ARM.Collect$$libinit$$0000001B          0x000001c6   Section        0  libinit2.o(.ARM.Collect$$libinit$$0000001B)
    .ARM.Collect$$libinit$$0000001D          0x000001c6   Section        0  libinit2.o(.ARM.Collect$$libinit$$0000001D)
    .ARM.Collect$$libinit$$0000001F          0x000001c6   Section        0  libinit2.o(.ARM.Collect$$libinit$$0000001F)
    .ARM.Collect$$libinit$$00000021          0x000001c6   Section        0  libinit2.o(.ARM.Collect$$libinit$$00000021)
    .ARM.Collect$$libinit$$00000023          0x000001c6   Section        0  libinit2.o(.ARM.Collect$$libinit$$00000023)
    .ARM.Collect$$libinit$$00000025          0x000001c6   Section        0  libinit2.o(.ARM.Collect$$libinit$$00000025)
    .ARM.Collect$$libinit$$0000002C          0x000001c6   Section        0  libinit2.o(.ARM.Collect$$libinit$$0000002C)
    .ARM.Collect$$libinit$$0000002E          0x000001c6   Section        0  libinit2.o(.ARM.Collect$$libinit$$0000002E)
    .ARM.Collect$$libinit$$00000030          0x000001c6   Section        0  libinit2.o(.ARM.Collect$$libinit$$00000030)
    .ARM.Collect$$libinit$$00000032          0x000001c6   Section        0  libinit2.o(.ARM.Collect$$libinit$$00000032)
    .ARM.Collect$$libinit$$00000033          0x000001c6   Section       12  libinit2.o(.ARM.Collect$$libinit$$00000033)
    .ARM.Collect$$libshutdown$$00000000      0x000001dc   Section        4  libshutdown.o(.ARM.Collect$$libshutdown$$00000000)
    .ARM.Collect$$libshutdown$$00000002      0x000001e0   Section        0  libshutdown2.o(.ARM.Collect$$libshutdown$$00000002)
    .ARM.Collect$$libshutdown$$00000004      0x000001e0   Section        0  libshutdown2.o(.ARM.Collect$$libshutdown$$00000004)
    .ARM.Collect$$libshutdown$$00000007      0x000001e0   Section        0  libshutdown2.o(.ARM.Collect$$libshutdown$$00000007)
    .ARM.Collect$$libshutdown$$0000000A      0x000001e0   Section        0  libshutdown2.o(.ARM.Collect$$libshutdown$$0000000A)
    .ARM.Collect$$libshutdown$$0000000C      0x000001e0   Section        0  libshutdown2.o(.ARM.Collect$$libshutdown$$0000000C)
    .ARM.Collect$$libshutdown$$0000000F      0x000001e0   Section        0  libshutdown2.o(.ARM.Collect$$libshutdown$$0000000F)
    .ARM.Collect$$libshutdown$$00000010      0x000001e0   Section        6  libshutdown2.o(.ARM.Collect$$libshutdown$$00000010)
    .ARM.Collect$$rtentry$$00000000          0x000001e8   Section        0  __rtentry.o(.ARM.Collect$$rtentry$$00000000)
    .ARM.Collect$$rtentry$$00000002          0x000001e8   Section        0  __rtentry2.o(.ARM.Collect$$rtentry$$00000002)
    .ARM.Collect$$rtentry$$00000004          0x000001e8   Section        8  __rtentry4.o(.ARM.Collect$$rtentry$$00000004)
    .ARM.Collect$$rtentry$$00000009          0x000001f0   Section        0  __rtentry2.o(.ARM.Collect$$rtentry$$00000009)
    .ARM.Collect$$rtentry$$0000000A          0x000001f0   Section        4  __rtentry2.o(.ARM.Collect$$rtentry$$0000000A)
    .ARM.Collect$$rtentry$$0000000C          0x000001f4   Section        0  __rtentry2.o(.ARM.Collect$$rtentry$$0000000C)
    .ARM.Collect$$rtentry$$0000000D          0x000001f4   Section       40  __rtentry2.o(.ARM.Collect$$rtentry$$0000000D)
    .ARM.Collect$$rtexit$$00000000           0x00000220   Section        4  rtexit.o(.ARM.Collect$$rtexit$$00000000)
    .ARM.Collect$$rtexit$$00000002           0x00000224   Section        0  rtexit2.o(.ARM.Collect$$rtexit$$00000002)
    .ARM.Collect$$rtexit$$00000003           0x00000224   Section        4  rtexit2.o(.ARM.Collect$$rtexit$$00000003)
    .ARM.Collect$$rtexit$$00000004           0x00000228   Section        8  rtexit2.o(.ARM.Collect$$rtexit$$00000004)
    .text                                    0x00000230   Section       32  startup.o(.text)
    .text                                    0x00000258   Section        0  noretval__2sprintf.o(.text)
    .text                                    0x00000280   Section        0  _printf_pad.o(.text)
    .text                                    0x000002e0   Section        0  _printf_dec.o(.text)
    .text                                    0x00000350   Section        0  __printf_flags_wp.o(.text)
    .text                                    0x00000498   Section        0  heapauxi.o(.text)
    .text                                    0x0000049e   Section        0  _printf_intcommon.o(.text)
    .text                                    0x00000558   Section        0  _printf_char_common.o(.text)
    _printf_input_char                       0x00000559   Thumb Code    10  _printf_char_common.o(.text)
    .text                                    0x00000588   Section        0  _sputc.o(.text)
    .text                                    0x00000598   Section       44  rtudiv10.o(.text)
    .text                                    0x000005c4   Section       96  sys_stackheap_outer.o(.text)
    .text                                    0x00000624   Section        0  exit.o(.text)
    .text                                    0x00000638   Section       12  libspace.o(.text)
    .text                                    0x0000064c   Section        0  sys_exit.o(.text)
    .text                                    0x00000658   Section        4  use_no_semi.o(.text)
    .text                                    0x0000065c   Section        0  indicate_semi.o(.text)
    i.EINT0_HANDLER                          0x0000065c   Section        0  ext_interrupt.o(i.EINT0_HANDLER)
    i.EINT1_HANDLER                          0x000006f8   Section        0  ext_interrupt.o(i.EINT1_HANDLER)
    i.RTC_GetDateTime                        0x000007c0   Section        0  rtc_driver.o(i.RTC_GetDateTime)
    i.RTC_Init                               0x0000081c   Section        0  rtc_driver.o(i.RTC_Init)
    i.RTC_SetDateTime                        0x00000830   Section        0  rtc_driver.o(i.RTC_SetDateTime)
    i.__ARM_common_call_via_r1               0x00000874   Section        0  __printf.o(i.__ARM_common_call_via_r1)
    i.__ARM_common_call_via_r2               0x00000876   Section        0  __printf.o(i.__ARM_common_call_via_r2)
    i._is_digit                              0x00000878   Section        0  __printf_wp.o(i._is_digit)
    i.config_eint                            0x00000888   Section        0  ext_interrupt.o(i.config_eint)
    i.config_vic                             0x000008e0   Section        0  ext_interrupt.o(i.config_vic)
    i.delay_ms                               0x00000920   Section        0  timer0_delay.o(i.delay_ms)
    i.i2c_init                               0x0000096c   Section        0  i2c_driver.o(i.i2c_init)
    i.i2c_start                              0x000009a8   Section        0  i2c_driver.o(i.i2c_start)
    i.i2c_stop                               0x000009c8   Section        0  i2c_driver.o(i.i2c_stop)
    i.i2c_write                              0x000009e4   Section        0  i2c_driver.o(i.i2c_write)
    i.i2c_write_frame                        0x00000a10   Section        0  i2c_driver.o(i.i2c_write_frame)
    i.main                                   0x00000a48   Section        0  main.o(i.main)
    i.oled_Command                           0x00000bd0   Section        0  oled_driver.o(i.oled_Command)
    i.oled_date_win                          0x00000bf0   Section        0  oled_window.o(i.oled_date_win)
    i.oled_init                              0x00001128   Section        0  oled_driver.o(i.oled_init)
    i.oled_menu_win                          0x00001204   Section        0  oled_window.o(i.oled_menu_win)
    i.oled_time_win                          0x00001454   Section        0  oled_window.o(i.oled_time_win)
    i.rtc_update                             0x00001984   Section        0  main.o(i.rtc_update)
    i.uart0_init                             0x00001a4c   Section        0  uart_driver.o(i.uart0_init)
    i.uart_integer                           0x00001b0c   Section        0  uart_driver.o(i.uart_integer)
    i.uart_strings                           0x00001b44   Section        0  uart_driver.o(i.uart_strings)
    i.waitforsi                              0x00001b88   Section        0  i2c_driver.o(i.waitforsi)
    .constdata                               0x00001bc8   Section       17  __printf_flags_wp.o(.constdata)
    maptable                                 0x00001bc8   Data          17  __printf_flags_wp.o(.constdata)
    .data                                    0x40000000   Section      106  main.o(.data)
    .data                                    0x4000006a   Section        3  ext_interrupt.o(.data)
    .bss                                     0x40000070   Section       30  main.o(.bss)
    .bss                                     0x40000090   Section       96  libspace.o(.bss)
    HEAP                                     0x400000f0   Section        0  startup.o(HEAP)
    STACK                                    0x400000f0   Section     1160  startup.o(STACK)
    Heap_Mem                                 0x400000f0   Data           0  startup.o(HEAP)
    Stack_Mem                                0x400000f0   Data        1024  startup.o(STACK)
    Stack_Top                                0x40000578   Data           0  startup.o(STACK)

    Global Symbols

    Symbol Name                              Value     Ov Type        Size  Object(Section)

    BuildAttributes$$THM_ISAv1$ARM_ISAv4$S$PE$A:L22$X:L11$S22$IEEE1$IW$USESV6$~STKCKD$USESV7$~SHL$OSPACE$ROPI$EBA8$UX$STANDARDLIB$REQ8$PRES8$EABIv2 0x00000000   Number         0  anon$$obj.o ABSOLUTE
    __ARM_use_no_argv                        0x00000000   Number         0  main.o ABSOLUTE
    _printf_flags                            0x00000000   Number         0  printf_stubs.o ABSOLUTE
    _printf_return_value                     0x00000000   Number         0  printf_stubs.o ABSOLUTE
    _printf_sizespec                         0x00000000   Number         0  printf_stubs.o ABSOLUTE
    _printf_widthprec                        0x00000000   Number         0  printf_stubs.o ABSOLUTE
    __ARM_exceptions_init                     - Undefined Weak Reference
    __alloca_initialize                       - Undefined Weak Reference
    __arm_preinit_                            - Undefined Weak Reference
    __cpp_initialize__aeabi_                  - Undefined Weak Reference
    __cxa_finalize                            - Undefined Weak Reference
    __rt_locale                               - Undefined Weak Reference
    __sigvec_lookup                           - Undefined Weak Reference
    _atexit_init                              - Undefined Weak Reference
    _call_atexit_fns                          - Undefined Weak Reference
    _clock_init                               - Undefined Weak Reference
    _fp_trap_init                             - Undefined Weak Reference
    _fp_trap_shutdown                         - Undefined Weak Reference
    _get_lc_collate                           - Undefined Weak Reference
    _get_lc_ctype                             - Undefined Weak Reference
    _get_lc_monetary                          - Undefined Weak Reference
    _get_lc_numeric                           - Undefined Weak Reference
    _get_lc_time                              - Undefined Weak Reference
    _getenv_init                              - Undefined Weak Reference
    _handle_redirection                       - Undefined Weak Reference
    _init_alloc                               - Undefined Weak Reference
    _init_user_alloc                          - Undefined Weak Reference
    _initio                                   - Undefined Weak Reference
    _printf_truncate_signed                   - Undefined Weak Reference
    _printf_truncate_unsigned                 - Undefined Weak Reference
    _rand_init                                - Undefined Weak Reference
    _signal_finish                            - Undefined Weak Reference
    _signal_init                              - Undefined Weak Reference
    _terminate_alloc                          - Undefined Weak Reference
    _terminate_user_alloc                     - Undefined Weak Reference
    _terminateio                              - Undefined Weak Reference
    Reset_Handler                            0x00000058   ARM Code       0  startup.o(RESET)
    __main                                   0x00000110   ARM Code       8  __main.o(!!!main)
    __scatterload                            0x00000118   ARM Code       0  __scatter.o(!!!scatter)
    __scatterload_rt2                        0x00000118   ARM Code      52  __scatter.o(!!!scatter)
    __scatterload_null                       0x0000012c   ARM Code       0  __scatter.o(!!!scatter)
    __scatterload_copy                       0x00000154   ARM Code      40  __scatter_copy.o(!!handler_copy)
    __scatterload_zeroinit                   0x0000017c   ARM Code      44  __scatter_zi.o(!!handler_zi)
    Inline Thumb to ARM Veneer to _printf_percent 0x000001a9   Thumb Code     4  _printf_percent.o(.ARM.Collect$$_printf_percent$$00000000)
    _printf_d                                0x000001ac   ARM Code       0  _printf_d.o(.ARM.Collect$$_printf_percent$$00000009)
    _printf_percent                          0x000001ac   ARM Code       0  _printf_percent.o(.ARM.Collect$$_printf_percent$$00000000)
    _printf_percent_end                      0x000001b4   ARM Code       0  _printf_percent_end.o(.ARM.Collect$$_printf_percent$$00000017)
    Inline ARM to Thumb Veneer to __rt_lib_init 0x000001bc   ARM Code       8  libinit.o(.ARM.Collect$$libinit$$00000000)
    __rt_lib_init                            0x000001c5   Thumb Code     0  libinit.o(.ARM.Collect$$libinit$$00000000)
    __rt_lib_init_alloca_1                   0x000001c7   Thumb Code     0  libinit2.o(.ARM.Collect$$libinit$$0000002E)
    __rt_lib_init_argv_1                     0x000001c7   Thumb Code     0  libinit2.o(.ARM.Collect$$libinit$$0000002C)
    __rt_lib_init_atexit_1                   0x000001c7   Thumb Code     0  libinit2.o(.ARM.Collect$$libinit$$0000001B)
    __rt_lib_init_clock_1                    0x000001c7   Thumb Code     0  libinit2.o(.ARM.Collect$$libinit$$00000021)
    __rt_lib_init_cpp_1                      0x000001c7   Thumb Code     0  libinit2.o(.ARM.Collect$$libinit$$00000032)
    __rt_lib_init_exceptions_1               0x000001c7   Thumb Code     0  libinit2.o(.ARM.Collect$$libinit$$00000030)
    __rt_lib_init_fp_1                       0x000001c7   Thumb Code     0  libinit2.o(.ARM.Collect$$libinit$$00000002)
    __rt_lib_init_fp_trap_1                  0x000001c7   Thumb Code     0  libinit2.o(.ARM.Collect$$libinit$$0000001F)
    __rt_lib_init_getenv_1                   0x000001c7   Thumb Code     0  libinit2.o(.ARM.Collect$$libinit$$00000023)
    __rt_lib_init_heap_1                     0x000001c7   Thumb Code     0  libinit2.o(.ARM.Collect$$libinit$$0000000A)
    __rt_lib_init_lc_collate_1               0x000001c7   Thumb Code     0  libinit2.o(.ARM.Collect$$libinit$$00000011)
    __rt_lib_init_lc_ctype_1                 0x000001c7   Thumb Code     0  libinit2.o(.ARM.Collect$$libinit$$00000013)
    __rt_lib_init_lc_monetary_1              0x000001c7   Thumb Code     0  libinit2.o(.ARM.Collect$$libinit$$00000015)
    __rt_lib_init_lc_numeric_1               0x000001c7   Thumb Code     0  libinit2.o(.ARM.Collect$$libinit$$00000017)
    __rt_lib_init_lc_time_1                  0x000001c7   Thumb Code     0  libinit2.o(.ARM.Collect$$libinit$$00000019)
    __rt_lib_init_preinit_1                  0x000001c7   Thumb Code     0  libinit2.o(.ARM.Collect$$libinit$$00000004)
    __rt_lib_init_rand_1                     0x000001c7   Thumb Code     0  libinit2.o(.ARM.Collect$$libinit$$0000000E)
    __rt_lib_init_return                     0x000001c7   Thumb Code     0  libinit2.o(.ARM.Collect$$libinit$$00000033)
    __rt_lib_init_signal_1                   0x000001c7   Thumb Code     0  libinit2.o(.ARM.Collect$$libinit$$0000001D)
    __rt_lib_init_stdio_1                    0x000001c7   Thumb Code     0  libinit2.o(.ARM.Collect$$libinit$$00000025)
    __rt_lib_init_user_alloc_1               0x000001c7   Thumb Code     0  libinit2.o(.ARM.Collect$$libinit$$0000000C)
    Inline ARM to Thumb Veneer to __rt_lib_shutdown 0x000001d4   ARM Code       8  libshutdown.o(.ARM.Collect$$libshutdown$$00000000)
    __rt_lib_shutdown                        0x000001dd   Thumb Code     0  libshutdown.o(.ARM.Collect$$libshutdown$$00000000)
    __rt_lib_shutdown_cpp_1                  0x000001e1   Thumb Code     0  libshutdown2.o(.ARM.Collect$$libshutdown$$00000002)
    __rt_lib_shutdown_fp_trap_1              0x000001e1   Thumb Code     0  libshutdown2.o(.ARM.Collect$$libshutdown$$00000007)
    __rt_lib_shutdown_heap_1                 0x000001e1   Thumb Code     0  libshutdown2.o(.ARM.Collect$$libshutdown$$0000000F)
    __rt_lib_shutdown_return                 0x000001e1   Thumb Code     0  libshutdown2.o(.ARM.Collect$$libshutdown$$00000010)
    __rt_lib_shutdown_signal_1               0x000001e1   Thumb Code     0  libshutdown2.o(.ARM.Collect$$libshutdown$$0000000A)
    __rt_lib_shutdown_stdio_1                0x000001e1   Thumb Code     0  libshutdown2.o(.ARM.Collect$$libshutdown$$00000004)
    __rt_lib_shutdown_user_alloc_1           0x000001e1   Thumb Code     0  libshutdown2.o(.ARM.Collect$$libshutdown$$0000000C)
    __rt_entry                               0x000001e8   ARM Code       0  __rtentry.o(.ARM.Collect$$rtentry$$00000000)
    __rt_entry_presh_1                       0x000001e8   ARM Code       0  __rtentry2.o(.ARM.Collect$$rtentry$$00000002)
    __rt_entry_sh                            0x000001e8   ARM Code       0  __rtentry4.o(.ARM.Collect$$rtentry$$00000004)
    __rt_entry_li                            0x000001f0   ARM Code       0  __rtentry2.o(.ARM.Collect$$rtentry$$0000000A)
    __rt_entry_postsh_1                      0x000001f0   ARM Code       0  __rtentry2.o(.ARM.Collect$$rtentry$$00000009)
    __rt_entry_main                          0x000001f4   ARM Code       0  __rtentry2.o(.ARM.Collect$$rtentry$$0000000D)
    __rt_entry_postli_1                      0x000001f4   ARM Code       0  __rtentry2.o(.ARM.Collect$$rtentry$$0000000C)
    Inline Thumb to ARM Veneer to __rt_exit  0x0000021d   Thumb Code     4  rtexit.o(.ARM.Collect$$rtexit$$00000000)
    __rt_exit                                0x00000220   ARM Code       0  rtexit.o(.ARM.Collect$$rtexit$$00000000)
    __rt_exit_ls                             0x00000224   ARM Code       0  rtexit2.o(.ARM.Collect$$rtexit$$00000003)
    __rt_exit_prels_1                        0x00000224   ARM Code       0  rtexit2.o(.ARM.Collect$$rtexit$$00000002)
    __rt_exit_exit                           0x00000228   ARM Code       0  rtexit2.o(.ARM.Collect$$rtexit$$00000004)
    __user_initial_stackheap                 0x00000230   ARM Code       0  startup.o(.text)
    Inline ARM to Thumb Veneer to __2sprintf 0x00000250   ARM Code       8  noretval__2sprintf.o(.text)
    __2sprintf                               0x00000259   Thumb Code    36  noretval__2sprintf.o(.text)
    _printf_pre_padding                      0x00000281   Thumb Code    50  _printf_pad.o(.text)
    _printf_post_padding                     0x000002b3   Thumb Code    36  _printf_pad.o(.text)
    Inline ARM to Thumb Veneer to _printf_int_dec 0x000002d8   ARM Code       8  _printf_dec.o(.text)
    _printf_int_dec                          0x000002e1   Thumb Code    94  _printf_dec.o(.text)
    __printf                                 0x00000351   Thumb Code   322  __printf_flags_wp.o(.text)
    __use_two_region_memory                  0x00000499   Thumb Code     2  heapauxi.o(.text)
    __rt_heap_escrow$2region                 0x0000049b   Thumb Code     2  heapauxi.o(.text)
    __rt_heap_expand$2region                 0x0000049d   Thumb Code     2  heapauxi.o(.text)
    _printf_int_common                       0x0000049f   Thumb Code   186  _printf_intcommon.o(.text)
    _printf_char_common                      0x00000563   Thumb Code    34  _printf_char_common.o(.text)
    _sputc                                   0x00000589   Thumb Code    10  _sputc.o(.text)
    Inline Thumb to ARM Veneer to __rt_udiv10 0x00000595   Thumb Code     4  rtudiv10.o(.text)
    __rt_udiv10                              0x00000598   ARM Code      44  rtudiv10.o(.text)
    __user_setup_stackheap                   0x000005c4   ARM Code      96  sys_stackheap_outer.o(.text)
    exit                                     0x00000625   Thumb Code    20  exit.o(.text)
    __user_libspace                          0x00000638   ARM Code      12  libspace.o(.text)
    __user_perproc_libspace                  0x00000638   ARM Code       0  libspace.o(.text)
    __user_perthread_libspace                0x00000638   ARM Code       0  libspace.o(.text)
    Inline ARM to Thumb Veneer to _sys_exit  0x00000644   ARM Code       8  sys_exit.o(.text)
    _sys_exit                                0x0000064d   Thumb Code     8  sys_exit.o(.text)
    __I$use$semihosting                      0x00000658   ARM Code       0  use_no_semi.o(.text)
    __use_no_semihosting_swi                 0x00000658   ARM Code       4  use_no_semi.o(.text)
    EINT0_HANDLER                            0x0000065c   ARM Code     128  ext_interrupt.o(i.EINT0_HANDLER)
    __semihosting_library_function           0x0000065c   ARM Code       0  indicate_semi.o(.text)
    EINT1_HANDLER                            0x000006f8   ARM Code     176  ext_interrupt.o(i.EINT1_HANDLER)
    RTC_GetDateTime                          0x000007c0   ARM Code      88  rtc_driver.o(i.RTC_GetDateTime)
    RTC_Init                                 0x0000081c   ARM Code      16  rtc_driver.o(i.RTC_Init)
    RTC_SetDateTime                          0x00000830   ARM Code      64  rtc_driver.o(i.RTC_SetDateTime)
    __ARM_common_call_via_r1                 0x00000875   Thumb Code     2  __printf.o(i.__ARM_common_call_via_r1)
    __ARM_common_call_via_r2                 0x00000877   Thumb Code     2  __printf.o(i.__ARM_common_call_via_r2)
    _is_digit                                0x00000879   Thumb Code    14  __printf_wp.o(i._is_digit)
    config_eint                              0x00000888   ARM Code      84  ext_interrupt.o(i.config_eint)
    config_vic                               0x000008e0   ARM Code      56  ext_interrupt.o(i.config_vic)
    delay_ms                                 0x00000920   ARM Code      68  timer0_delay.o(i.delay_ms)
    i2c_init                                 0x0000096c   ARM Code      56  i2c_driver.o(i.i2c_init)
    i2c_start                                0x000009a8   ARM Code      28  i2c_driver.o(i.i2c_start)
    i2c_stop                                 0x000009c8   ARM Code      24  i2c_driver.o(i.i2c_stop)
    i2c_write                                0x000009e4   ARM Code      40  i2c_driver.o(i.i2c_write)
    i2c_write_frame                          0x00000a10   ARM Code      56  i2c_driver.o(i.i2c_write_frame)
    main                                     0x00000a48   ARM Code     352  main.o(i.main)
    oled_Command                             0x00000bd0   ARM Code      32  oled_driver.o(i.oled_Command)
    oled_date_win                            0x00000bf0   ARM Code    1260  oled_window.o(i.oled_date_win)
    oled_init                                0x00001128   ARM Code     220  oled_driver.o(i.oled_init)
    oled_menu_win                            0x00001204   ARM Code     576  oled_window.o(i.oled_menu_win)
    oled_time_win                            0x00001454   ARM Code    1248  oled_window.o(i.oled_time_win)
    rtc_update                               0x00001984   ARM Code     140  main.o(i.rtc_update)
    uart0_init                               0x00001a4c   ARM Code     184  uart_driver.o(i.uart0_init)
    uart_integer                             0x00001b0c   ARM Code      48  uart_driver.o(i.uart_integer)
    uart_strings                             0x00001b44   ARM Code      64  uart_driver.o(i.uart_strings)
    waitforsi                                0x00001b88   ARM Code      56  i2c_driver.o(i.waitforsi)
    Region$$Table$$Base                      0x00001bdc   Number         0  anon$$obj.o(Region$$Table)
    Region$$Table$$Limit                     0x00001bfc   Number         0  anon$$obj.o(Region$$Table)
    parent                                   0x40000000   Data           1  main.o(.data)
    child                                    0x40000001   Data           1  main.o(.data)
    flag                                     0x40000002   Data           1  main.o(.data)
    t_hr                                     0x40000003   Data           1  main.o(.data)
    t_min                                    0x40000004   Data           1  main.o(.data)
    t_sec                                    0x40000005   Data           1  main.o(.data)
    timeout_clk                              0x40000006   Data           1  main.o(.data)
    rtc                                      0x40000008   Data          28  main.o(.data)
    week                                     0x40000024   Data          70  main.o(.data)
    ok_but                                   0x4000006a   Data           1  ext_interrupt.o(.data)
    scroll_but                               0x4000006b   Data           1  ext_interrupt.o(.data)
    index_v                                  0x4000006c   Data           1  ext_interrupt.o(.data)
    time_buf                                 0x40000070   Data          15  main.o(.bss)
    date_buf                                 0x4000007f   Data          15  main.o(.bss)
    __libspace_start                         0x40000090   Data          96  libspace.o(.bss)
    __temporary_stack_top$libspace           0x400000f0   Data           0  libspace.o(.bss)



==============================================================================

Memory Map of the image

  Image Entry point : 0x00000110

  Load Region LR_IROM1 (Base: 0x00000000, Size: 0x00001c6c, Max: 0x00080000, ABSOLUTE)

    Execution Region ER_IROM1 (Exec base: 0x00000000, Load base: 0x00000000, Size: 0x00001bfc, Max: 0x00080000, ABSOLUTE)

    Exec Addr    Load Addr    Size         Type   Attr      Idx    E Section Name        Object

    0x00000000   0x00000000   0x00000110   Code   RO            3    RESET               startup.o
    0x00000110   0x00000110   0x00000008   Code   RO          436  * !!!main             c_t.l(__main.o)
    0x00000118   0x00000118   0x0000003c   Code   RO          618    !!!scatter          c_t.l(__scatter.o)
    0x00000154   0x00000154   0x00000028   Code   RO          620    !!handler_copy      c_t.l(__scatter_copy.o)
    0x0000017c   0x0000017c   0x0000002c   Code   RO          622    !!handler_zi        c_t.l(__scatter_zi.o)
    0x000001a8   0x000001a8   0x00000004   Ven    RO          417    .ARM.Collect$$_printf_percent$$00000000  c_t.l(_printf_percent.o)
    0x000001ac   0x000001ac   0x00000000   Code   RO          417    .ARM.Collect$$_printf_percent$$00000000  c_t.l(_printf_percent.o)
    0x000001ac   0x000001ac   0x00000008   Code   RO          416    .ARM.Collect$$_printf_percent$$00000009  c_t.l(_printf_d.o)
    0x000001b4   0x000001b4   0x00000008   Code   RO          449    .ARM.Collect$$_printf_percent$$00000017  c_t.l(_printf_percent_end.o)
    0x000001bc   0x000001bc   0x00000008   Ven    RO          488    .ARM.Collect$$libinit$$00000000  c_t.l(libinit.o)
    0x000001c4   0x000001c4   0x00000002   Code   RO          488    .ARM.Collect$$libinit$$00000000  c_t.l(libinit.o)
    0x000001c6   0x000001c6   0x00000000   Code   RO          501    .ARM.Collect$$libinit$$00000002  c_t.l(libinit2.o)
    0x000001c6   0x000001c6   0x00000000   Code   RO          503    .ARM.Collect$$libinit$$00000004  c_t.l(libinit2.o)
    0x000001c6   0x000001c6   0x00000000   Code   RO          506    .ARM.Collect$$libinit$$0000000A  c_t.l(libinit2.o)
    0x000001c6   0x000001c6   0x00000000   Code   RO          508    .ARM.Collect$$libinit$$0000000C  c_t.l(libinit2.o)
    0x000001c6   0x000001c6   0x00000000   Code   RO          510    .ARM.Collect$$libinit$$0000000E  c_t.l(libinit2.o)
    0x000001c6   0x000001c6   0x00000000   Code   RO          513    .ARM.Collect$$libinit$$00000011  c_t.l(libinit2.o)
    0x000001c6   0x000001c6   0x00000000   Code   RO          515    .ARM.Collect$$libinit$$00000013  c_t.l(libinit2.o)
    0x000001c6   0x000001c6   0x00000000   Code   RO          517    .ARM.Collect$$libinit$$00000015  c_t.l(libinit2.o)
    0x000001c6   0x000001c6   0x00000000   Code   RO          519    .ARM.Collect$$libinit$$00000017  c_t.l(libinit2.o)
    0x000001c6   0x000001c6   0x00000000   Code   RO          521    .ARM.Collect$$libinit$$00000019  c_t.l(libinit2.o)
    0x000001c6   0x000001c6   0x00000000   Code   RO          523    .ARM.Collect$$libinit$$0000001B  c_t.l(libinit2.o)
    0x000001c6   0x000001c6   0x00000000   Code   RO          525    .ARM.Collect$$libinit$$0000001D  c_t.l(libinit2.o)
    0x000001c6   0x000001c6   0x00000000   Code   RO          527    .ARM.Collect$$libinit$$0000001F  c_t.l(libinit2.o)
    0x000001c6   0x000001c6   0x00000000   Code   RO          529    .ARM.Collect$$libinit$$00000021  c_t.l(libinit2.o)
    0x000001c6   0x000001c6   0x00000000   Code   RO          531    .ARM.Collect$$libinit$$00000023  c_t.l(libinit2.o)
    0x000001c6   0x000001c6   0x00000000   Code   RO          533    .ARM.Collect$$libinit$$00000025  c_t.l(libinit2.o)
    0x000001c6   0x000001c6   0x00000000   Code   RO          537    .ARM.Collect$$libinit$$0000002C  c_t.l(libinit2.o)
    0x000001c6   0x000001c6   0x00000000   Code   RO          539    .ARM.Collect$$libinit$$0000002E  c_t.l(libinit2.o)
    0x000001c6   0x000001c6   0x00000000   Code   RO          541    .ARM.Collect$$libinit$$00000030  c_t.l(libinit2.o)
    0x000001c6   0x000001c6   0x00000000   Code   RO          543    .ARM.Collect$$libinit$$00000032  c_t.l(libinit2.o)
    0x000001c6   0x000001c6   0x0000000c   Code   RO          544    .ARM.Collect$$libinit$$00000033  c_t.l(libinit2.o)
    0x000001d2   0x000001d2   0x00000002   PAD
    0x000001d4   0x000001d4   0x00000008   Ven    RO          575    .ARM.Collect$$libshutdown$$00000000  c_t.l(libshutdown.o)
    0x000001dc   0x000001dc   0x00000004   Code   RO          575    .ARM.Collect$$libshutdown$$00000000  c_t.l(libshutdown.o)
    0x000001e0   0x000001e0   0x00000000   Code   RO          601    .ARM.Collect$$libshutdown$$00000002  c_t.l(libshutdown2.o)
    0x000001e0   0x000001e0   0x00000000   Code   RO          603    .ARM.Collect$$libshutdown$$00000004  c_t.l(libshutdown2.o)
    0x000001e0   0x000001e0   0x00000000   Code   RO          606    .ARM.Collect$$libshutdown$$00000007  c_t.l(libshutdown2.o)
    0x000001e0   0x000001e0   0x00000000   Code   RO          609    .ARM.Collect$$libshutdown$$0000000A  c_t.l(libshutdown2.o)
    0x000001e0   0x000001e0   0x00000000   Code   RO          611    .ARM.Collect$$libshutdown$$0000000C  c_t.l(libshutdown2.o)
    0x000001e0   0x000001e0   0x00000000   Code   RO          614    .ARM.Collect$$libshutdown$$0000000F  c_t.l(libshutdown2.o)
    0x000001e0   0x000001e0   0x00000006   Code   RO          615    .ARM.Collect$$libshutdown$$00000010  c_t.l(libshutdown2.o)
    0x000001e6   0x000001e6   0x00000002   PAD
    0x000001e8   0x000001e8   0x00000000   Code   RO          438    .ARM.Collect$$rtentry$$00000000  c_t.l(__rtentry.o)
    0x000001e8   0x000001e8   0x00000000   Code   RO          453    .ARM.Collect$$rtentry$$00000002  c_t.l(__rtentry2.o)
    0x000001e8   0x000001e8   0x00000008   Code   RO          465    .ARM.Collect$$rtentry$$00000004  c_t.l(__rtentry4.o)
    0x000001f0   0x000001f0   0x00000000   Code   RO          455    .ARM.Collect$$rtentry$$00000009  c_t.l(__rtentry2.o)
    0x000001f0   0x000001f0   0x00000004   Code   RO          456    .ARM.Collect$$rtentry$$0000000A  c_t.l(__rtentry2.o)
    0x000001f4   0x000001f4   0x00000000   Code   RO          458    .ARM.Collect$$rtentry$$0000000C  c_t.l(__rtentry2.o)
    0x000001f4   0x000001f4   0x00000028   Code   RO          459    .ARM.Collect$$rtentry$$0000000D  c_t.l(__rtentry2.o)
    0x0000021c   0x0000021c   0x00000004   Ven    RO          492    .ARM.Collect$$rtexit$$00000000  c_t.l(rtexit.o)
    0x00000220   0x00000220   0x00000004   Code   RO          492    .ARM.Collect$$rtexit$$00000000  c_t.l(rtexit.o)
    0x00000224   0x00000224   0x00000000   Code   RO          548    .ARM.Collect$$rtexit$$00000002  c_t.l(rtexit2.o)
    0x00000224   0x00000224   0x00000004   Code   RO          549    .ARM.Collect$$rtexit$$00000003  c_t.l(rtexit2.o)
    0x00000228   0x00000228   0x00000008   Code   RO          550    .ARM.Collect$$rtexit$$00000004  c_t.l(rtexit2.o)
    0x00000230   0x00000230   0x00000020   Code   RO            4    .text               startup.o
    0x00000250   0x00000250   0x00000008   Ven    RO          384    .text               c_t.l(noretval__2sprintf.o)
    0x00000258   0x00000258   0x00000028   Code   RO          384    .text               c_t.l(noretval__2sprintf.o)
    0x00000280   0x00000280   0x00000056   Code   RO          392    .text               c_t.l(_printf_pad.o)
    0x000002d6   0x000002d6   0x00000002   PAD
    0x000002d8   0x000002d8   0x00000008   Ven    RO          394    .text               c_t.l(_printf_dec.o)
    0x000002e0   0x000002e0   0x00000070   Code   RO          394    .text               c_t.l(_printf_dec.o)
    0x00000350   0x00000350   0x00000148   Code   RO          408    .text               c_t.l(__printf_flags_wp.o)
    0x00000498   0x00000498   0x00000006   Code   RO          434    .text               c_t.l(heapauxi.o)
    0x0000049e   0x0000049e   0x000000ba   Code   RO          443    .text               c_t.l(_printf_intcommon.o)
    0x00000558   0x00000558   0x00000030   Code   RO          445    .text               c_t.l(_printf_char_common.o)
    0x00000588   0x00000588   0x0000000a   Code   RO          447    .text               c_t.l(_sputc.o)
    0x00000592   0x00000592   0x00000002   PAD
    0x00000594   0x00000594   0x00000004   Ven    RO          450    .text               c_t.l(rtudiv10.o)
    0x00000598   0x00000598   0x0000002c   Code   RO          450    .text               c_t.l(rtudiv10.o)
    0x000005c4   0x000005c4   0x00000060   Code   RO          475    .text               c_t.l(sys_stackheap_outer.o)
    0x00000624   0x00000624   0x00000014   Code   RO          477    .text               c_t.l(exit.o)
    0x00000638   0x00000638   0x0000000c   Code   RO          489    .text               c_t.l(libspace.o)
    0x00000644   0x00000644   0x00000008   Ven    RO          545    .text               c_t.l(sys_exit.o)
    0x0000064c   0x0000064c   0x0000000c   Code   RO          545    .text               c_t.l(sys_exit.o)
    0x00000658   0x00000658   0x00000004   Code   RO          564    .text               c_t.l(use_no_semi.o)
    0x0000065c   0x0000065c   0x00000000   Code   RO          566    .text               c_t.l(indicate_semi.o)
    0x0000065c   0x0000065c   0x0000009c   Code   RO          314    i.EINT0_HANDLER     ext_interrupt.o
    0x000006f8   0x000006f8   0x000000c8   Code   RO          315    i.EINT1_HANDLER     ext_interrupt.o
    0x000007c0   0x000007c0   0x0000005c   Code   RO          352    i.RTC_GetDateTime   rtc_driver.o
    0x0000081c   0x0000081c   0x00000014   Code   RO          353    i.RTC_Init          rtc_driver.o
    0x00000830   0x00000830   0x00000044   Code   RO          354    i.RTC_SetDateTime   rtc_driver.o
    0x00000874   0x00000874   0x00000002   Code   RO          390    i.__ARM_common_call_via_r1  c_t.l(__printf.o)
    0x00000876   0x00000876   0x00000002   Code   RO          388    i.__ARM_common_call_via_r2  c_t.l(__printf.o)
    0x00000878   0x00000878   0x0000000e   Code   RO          406    i._is_digit         c_t.l(__printf_wp.o)
    0x00000886   0x00000886   0x00000002   PAD
    0x00000888   0x00000888   0x00000058   Code   RO          316    i.config_eint       ext_interrupt.o
    0x000008e0   0x000008e0   0x00000040   Code   RO          317    i.config_vic        ext_interrupt.o
    0x00000920   0x00000920   0x0000004c   Code   RO          125    i.delay_ms          timer0_delay.o
    0x0000096c   0x0000096c   0x0000003c   Code   RO          187    i.i2c_init          i2c_driver.o
    0x000009a8   0x000009a8   0x00000020   Code   RO          191    i.i2c_start         i2c_driver.o
    0x000009c8   0x000009c8   0x0000001c   Code   RO          192    i.i2c_stop          i2c_driver.o
    0x000009e4   0x000009e4   0x0000002c   Code   RO          193    i.i2c_write         i2c_driver.o
    0x00000a10   0x00000a10   0x00000038   Code   RO          194    i.i2c_write_frame   i2c_driver.o
    0x00000a48   0x00000a48   0x00000188   Code   RO           71    i.main              main.o
    0x00000bd0   0x00000bd0   0x00000020   Code   RO          251    i.oled_Command      oled_driver.o
    0x00000bf0   0x00000bf0   0x00000538   Code   RO           12    i.oled_date_win     oled_window.o
    0x00001128   0x00001128   0x000000dc   Code   RO          254    i.oled_init         oled_driver.o
    0x00001204   0x00001204   0x00000250   Code   RO           14    i.oled_menu_win     oled_window.o
    0x00001454   0x00001454   0x00000530   Code   RO           16    i.oled_time_win     oled_window.o
    0x00001984   0x00001984   0x000000c8   Code   RO           72    i.rtc_update        main.o
    0x00001a4c   0x00001a4c   0x000000c0   Code   RO          147    i.uart0_init        uart_driver.o
    0x00001b0c   0x00001b0c   0x00000038   Code   RO          150    i.uart_integer      uart_driver.o
    0x00001b44   0x00001b44   0x00000044   Code   RO          151    i.uart_strings      uart_driver.o
    0x00001b88   0x00001b88   0x00000040   Code   RO          195    i.waitforsi         i2c_driver.o
    0x00001bc8   0x00001bc8   0x00000011   Data   RO          409    .constdata          c_t.l(__printf_flags_wp.o)
    0x00001bd9   0x00001bd9   0x00000003   PAD
    0x00001bdc   0x00001bdc   0x00000020   Data   RO          616    Region$$Table       anon$$obj.o


    Execution Region RW_IRAM1 (Exec base: 0x40000000, Load base: 0x00001bfc, Size: 0x00000578, Max: 0x00008000, ABSOLUTE)

    Exec Addr    Load Addr    Size         Type   Attr      Idx    E Section Name        Object

    0x40000000   0x00001bfc   0x0000006a   Data   RW           74    .data               main.o
    0x4000006a   0x00001c66   0x00000003   Data   RW          318    .data               ext_interrupt.o
    0x4000006d   0x00001c69   0x00000003   PAD
    0x40000070        -       0x0000001e   Zero   RW           73    .bss                main.o
    0x4000008e   0x00001c69   0x00000002   PAD
    0x40000090        -       0x00000060   Zero   RW          490    .bss                c_t.l(libspace.o)
    0x400000f0        -       0x00000000   Zero   RW            2    HEAP                startup.o
    0x400000f0        -       0x00000488   Zero   RW            1    STACK               startup.o


==============================================================================

Image component sizes


      Code (inc. data)   RO Data    RW Data    ZI Data      Debug   Object Name

       508         64          0          3          0       2035   ext_interrupt.o
       284         24          0          0          0       2676   i2c_driver.o
       592        100          0        106         30       1868   main.o
       252          0          0          0          0       1003   oled_driver.o
      3256        884          0          0          0       4612   oled_window.o
       180         12          0          0          0       1763   rtc_driver.o
       304         60          0          0       1160        548   startup.o
        76          8          0          0          0        435   timer0_delay.o
       316         20          0          0          0       1475   uart_driver.o

    ----------------------------------------------------------------------
      5768       1172         32        112       1192      16415   Object Totals
         0          0         32          0          0          0   (incl. Generated)
         0          0          0          3          2          0   (incl. Padding)

    ----------------------------------------------------------------------

      Code (inc. data)   RO Data    RW Data    ZI Data      Debug   Library Member Name

         8          0          0          0          0         68   __main.o
         4          0          0          0          0        120   __printf.o
       328          6         17          0          0         92   __printf_flags_wp.o
        14          0          0          0          0         60   __printf_wp.o
         0          0          0          0          0          0   __rtentry.o
        44          4          0          0          0          0   __rtentry2.o
         8          0          0          0          0          0   __rtentry4.o
        60          8          0          0          0          0   __scatter.o
        40          0          0          0          0          0   __scatter_copy.o
        44          0          0          0          0          0   __scatter_zi.o
        48          4          0          0          0         96   _printf_char_common.o
         8          0          0          0          0          0   _printf_d.o
       120         18          0          0          0         88   _printf_dec.o
       186          0          0          0          0         96   _printf_intcommon.o
        86          0          0          0          0        116   _printf_pad.o
         4          0          0          0          0          0   _printf_percent.o
         8          0          0          0          0          0   _printf_percent_end.o
        10          0          0          0          0         60   _sputc.o
        20          0          0          0          0         80   exit.o
         6          0          0          0          0        136   heapauxi.o
         0          0          0          0          0          0   indicate_semi.o
        10          0          0          0          0          0   libinit.o
        12          0          0          0          0          0   libinit2.o
        12          0          0          0          0          0   libshutdown.o
         6          0          0          0          0          0   libshutdown2.o
        12          4          0          0         96         68   libspace.o
        48          4          0          0          0         84   noretval__2sprintf.o
         8          0          0          0          0          0   rtexit.o
        12          0          0          0          0          0   rtexit2.o
        48          0          0          0          0         68   rtudiv10.o
        20          4          0          0          0         60   sys_exit.o
        96          0          0          0          0         80   sys_stackheap_outer.o
         4          0          0          0          0         68   use_no_semi.o

    ----------------------------------------------------------------------
      1344         52         20          0         96       1440   Library Totals
        10          0          3          0          0          0   (incl. Padding)

    ----------------------------------------------------------------------

      Code (inc. data)   RO Data    RW Data    ZI Data      Debug   Library Name

      1334         52         17          0         96       1440   c_t.l

    ----------------------------------------------------------------------
      1344         52         20          0         96       1440   Library Totals

    ----------------------------------------------------------------------

==============================================================================


      Code (inc. data)   RO Data    RW Data    ZI Data      Debug   

      7112       1224         52        112       1288      16283   Grand Totals
      7112       1224         52        112       1288      16283   ELF Image Totals
      7112       1224         52        112          0          0   ROM Totals

==============================================================================

    Total RO  Size (Code + RO Data)                 7164 (   7.00kB)
    Total RW  Size (RW Data + ZI Data)              1400 (   1.37kB)
    Total ROM Size (Code + RO Data + RW Data)       7276 (   7.11kB)

==============================================================================

